Microchip MPLAB XC8 Compiler V2.40

Linker command line:

-W-3 \
  --edf=C:\Program Files\Microchip\xc8\v2.40\pic\dat\20220703182018_en.msgs \
  -cn -h+dist/default/production\8bitmcutx.X.production.sym \
  --cmf=dist/default/production\8bitmcutx.X.production.cmf -z -Q18F57Q43 \
  -oC:\Users\C74305\AppData\Local\Temp\xcAsng8.4 --defsym=__MPLAB_BUILD=1 \
  --fixupoverflow=error \
  -Mdist/default/production/8bitmcutx.X.production.map \
  --md=C:\Users\C74305\AppData\Local\Temp\xcAsng8.dat -E1 -ver=XC8 Compiler \
  --acfsm=1493 -ACODE=00h-01FFFFh -ACONST=00h-01FFFFh \
  -ASMALLCONST=02600h-026FFhx474 \
  -AMEDIUMCONST=02600h-0FFFFh,012600h-01FFFFh -ACOMRAM=0501h-055Fh \
  -AABS1=0500h-024FFh -ABIGRAM=0501h-024FFh \
  -ARAM=0560h-05FFh,0600h-06FFhx31 -ABANK5=0560h-05FFh -ABANK6=0600h-06FFh \
  -ABANK7=0700h-07FFh -ABANK8=0800h-08FFh -ABANK9=0900h-09FFh \
  -ABANK10=0A00h-0AFFh -ABANK11=0B00h-0BFFh -ABANK12=0C00h-0CFFh \
  -ABANK13=0D00h-0DFFh -ABANK14=0E00h-0EFFh -ABANK15=0F00h-0FFFh \
  -ABANK16=01000h-010FFh -ABANK17=01100h-011FFh -ABANK18=01200h-012FFh \
  -ABANK19=01300h-013FFh -ABANK20=01400h-014FFh -ABANK21=01500h-015FFh \
  -ABANK22=01600h-016FFh -ABANK23=01700h-017FFh -ABANK24=01800h-018FFh \
  -ABANK25=01900h-019FFh -ABANK26=01A00h-01AFFh -ABANK27=01B00h-01BFFh \
  -ABANK28=01C00h-01CFFh -ABANK29=01D00h-01DFFh -ABANK30=01E00h-01EFFh \
  -ABANK31=01F00h-01FFFh -ABANK32=02000h-020FFh -ABANK33=02100h-021FFh \
  -ABANK34=02200h-022FFh -ABANK35=02300h-023FFh -ABANK36=02400h-024FFh \
  -ASFR=00h-0FFhx4,0400h-045Fh,0460h-04FFh,02500h-025FFh \
  -ABIGSFR=00h-04FFh,02500h-025FFh -ACONFIG=0300000h-0300011h \
  -AIDLOC=0200000h-020003Fh -AEEDATA=0380000h-03803FFh -peeprom_data=EEDATA \
  -preset_vec=00h -ppowerup=CODE,init -pramtop=02600h \
  -psmallconst=SMALLCONST -pmediumconst=MEDIUMCONST -pconst=CONST \
  -AFARRAM=00h-00h \
  -prdata=COMRAM,nvrram=COMRAM,nvbit=COMRAM,rbss=COMRAM,rbit=COMRAM \
  -pfarbss=FARRAM,fardata=FARRAM,nvFARRAM=FARRAM \
  -pintsave_regs=BIGRAM,bigbss=BIGRAM,bigdata=BIGRAM -pbss=RAM \
  -pidata=CODE,irdata=CODE,ibigdata=CODE,ifardata=CODE -prparam=COMRAM \
  C:\Users\C74305\AppData\Local\Temp\xcAsng8.o \
  dist/default/production\8bitmcutx.X.production.o 

Object code version is 3.11

Machine type is 18F57Q43



                Name                               Link     Load   Length Selector   Space Scale
C:\Users\C74305\AppData\Local\Temp\xcAsng8.o
                idloc                            200000   200000       40        0       5
                config                           300000   300000        A        0       4
                init                              1FFFC    1FFFC        4     FFFE       0
                reset_vec                             0        0        4        0       0
dist/default/production\8bitmcutx.X.production.o
                idloc                            200000   200000       40        0       5
                config                           300000   300000        A        0       4
                smallconst                         2600     2600        E     1300       0
                text10                             27FC     27FC       2E     1307       0
                text9                              27CE     27CE       2E     1307       0
                text8                              287E     287E       16     1307       0
                text7                              284A     284A       1E     1307       0
                text6                              282A     282A       20     1307       0
                text5                              2868     2868       16     1307       0
                text4                              28A0     28A0        A     1307       0
                text3                              260E     260E       9C     1307       0
                text2                              26AA     26AA       56     1307       0
                text1                              2700     2700       4E     1307       0
                text0                              274E     274E       46     1307       0
                cstackCOMRAM                        501      501       23      501       1
                dataCOMRAM                          524      524        C      501       1
                bssCOMRAM                           530      530        9      501       1
                cinit                              2794     2794       3A     1307       0
                idataCOMRAM                        2894     2894        C     1307       0

TOTAL           Name                               Link     Load   Length     Space
        CLASS   CODE           
                init                              1FFFC    1FFFC        4         0
                reset_vec                             0        0        4         0
                text10                             27FC     27FC       2E         0
                text9                              27CE     27CE       2E         0
                text8                              287E     287E       16         0
                text7                              284A     284A       1E         0
                text6                              282A     282A       20         0
                text5                              2868     2868       16         0
                text4                              28A0     28A0        A         0
                text3                              260E     260E       9C         0
                text2                              26AA     26AA       56         0
                text1                              2700     2700       4E         0
                text0                              274E     274E       46         0
                cinit                              2794     2794       3A         0
                idataCOMRAM                        2894     2894        C         0

        CLASS   CONST          

        CLASS   SMALLCONST     
                smallconst                         2600     2600        E         0

        CLASS   MEDIUMCONST    

        CLASS   COMRAM         
                cstackCOMRAM                        501      501       23         1
                dataCOMRAM                          524      524        C         1
                bssCOMRAM                           530      530        9         1

        CLASS   ABS1           

        CLASS   BIGRAM         

        CLASS   RAM            

        CLASS   BANK5          

        CLASS   BANK6          

        CLASS   BANK7          

        CLASS   BANK8          

        CLASS   BANK9          

        CLASS   BANK10         

        CLASS   BANK11         

        CLASS   BANK12         

        CLASS   BANK13         

        CLASS   BANK14         

        CLASS   BANK15         

        CLASS   BANK16         

        CLASS   BANK17         

        CLASS   BANK18         

        CLASS   BANK19         

        CLASS   BANK20         

        CLASS   BANK21         

        CLASS   BANK22         

        CLASS   BANK23         

        CLASS   BANK24         

        CLASS   BANK25         

        CLASS   BANK26         

        CLASS   BANK27         

        CLASS   BANK28         

        CLASS   BANK29         

        CLASS   BANK30         

        CLASS   BANK31         

        CLASS   BANK32         

        CLASS   BANK33         

        CLASS   BANK34         

        CLASS   BANK35         

        CLASS   BANK36         

        CLASS   SFR            

        CLASS   BIGSFR         

        CLASS   CONFIG         
                config                           300000   300000        A         4

        CLASS   IDLOC          
                idloc                            200000   200000       40         5

        CLASS   EEDATA         

        CLASS   FARRAM         

        CLASS   HEAP           

        CLASS   STACK          



SEGMENTS        Name                           Load    Length   Top    Selector   Space  Class

                reset_vec                      000000  000004  000004         0       0  CODE    
                cstackCOMRAM                   000501  000038  000539       501       1  COMRAM  
                smallconst                     002600  00000E  00260E      1300       0  SMALLCON
                text3                          00260E  00029C  0028AA      1307       0  CODE    
                init                           01FFFC  000004  020000      FFFE       0  CODE    


UNUSED ADDRESS RANGES

        Name                Unused          Largest block    Delta
        BANK10           000A00-000AFF              100
        BANK11           000B00-000BFF              100
        BANK12           000C00-000CFF              100
        BANK13           000D00-000DFF              100
        BANK14           000E00-000EFF              100
        BANK15           000F00-000FFF              100
        BANK16           001000-0010FF              100
        BANK17           001100-0011FF              100
        BANK18           001200-0012FF              100
        BANK19           001300-0013FF              100
        BANK20           001400-0014FF              100
        BANK21           001500-0015FF              100
        BANK22           001600-0016FF              100
        BANK23           001700-0017FF              100
        BANK24           001800-0018FF              100
        BANK25           001900-0019FF              100
        BANK26           001A00-001AFF              100
        BANK27           001B00-001BFF              100
        BANK28           001C00-001CFF              100
        BANK29           001D00-001DFF              100
        BANK30           001E00-001EFF              100
        BANK31           001F00-001FFF              100
        BANK32           002000-0020FF              100
        BANK33           002100-0021FF              100
        BANK34           002200-0022FF              100
        BANK35           002300-0023FF              100
        BANK36           002400-0024FF              100
        BANK5            000560-0005FF               A0
        BANK6            000600-0006FF              100
        BANK7            000700-0007FF              100
        BANK8            000800-0008FF              100
        BANK9            000900-0009FF              100
        BIGRAM           000539-0024FF             1FC7
        BIGSFR           000000-0004FF              500
                         002500-0025FF              100
        CODE             000004-0025FF             25FC
                         0028AA-01FFFB            1D752
        COMRAM           000539-00055F               27
        CONFIG           30000A-300011                8
        CONST            000004-0025FF             25FC
                         0028AA-01FFFB            1D752
        EEDATA           380000-3803FF              400
        MEDIUMCONST      0028AA-00FFFF             D756
                         012600-01FFFB             D9FC
        RAM              000560-0024FF              100
        SFR              000000-0004FF              100
                         002500-0025FF              100
        SMALLCONST       0028AA-01FFFB              100

                                  Symbol Table

?_fputc                  cstackCOMRAM 000503
?_fputs                  cstackCOMRAM 00050C
UART_write@txData        cstackCOMRAM 000501
_ADACTbits               (abs)        0003F9
_ADC                     text10       0027FC
_ADCH                    bssCOMRAM    000536
_ADCL                    bssCOMRAM    000537
_ADCLKbits               (abs)        0003FA
_ADCON0bits              (abs)        0003F3
_ADCON1bits              (abs)        0003F4
_ADCON2bits              (abs)        0003F5
_ADC_Value               bssCOMRAM    000532
_ADC_init                text9        0027CE
_ADPCH                   (abs)        0003EC
_ADREFbits               (abs)        0003F8
_ADRESL                  (abs)        0003EA
_ANSELAbits              (abs)        000400
_ANSELBbits              (abs)        000408
_ANSELDbits              (abs)        000418
_ANSELFbits              (abs)        000428
_CM1CON0bits             (abs)        000070
_CM1CON1bits             (abs)        000071
_CM1NCHbits              (abs)        000072
_CM1PCHbits              (abs)        000073
_DSM_init                text8        00287E
_LATBbits                (abs)        0004BF
_LATFbits                (abs)        0004C3
_MD1CARHbits             (abs)        00006E
_MD1CON0bits             (abs)        00006A
_MD1SRCbits              (abs)        00006C
_RD2PPS                  (abs)        00021B
_RF0PPS                  (abs)        000229
_T1CLK                   (abs)        000321
_T1CONbits               (abs)        00031E
_TRISAbits               (abs)        0004C6
_TRISBbits               (abs)        0004C7
_TRISDbits               (abs)        0004C9
_TRISFbits               (abs)        0004CB
_U5BRG                   (abs)        0002FA
_U5BRGH                  (abs)        0002FB
_U5CON0bits              (abs)        0002F7
_U5CON1bits              (abs)        0002F8
_U5RXB                   (abs)        0002ED
_U5RXIF                  (abs)        0025D8
_U5TXB                   (abs)        0002EF
_U5TXIF                  (abs)        0025D9
_UART_init               text7        00284A
_UART_write              text5        002868
__HRAM                   (abs)        000000
__Habs1                  abs1         000000
__Hbank10                bank10       000000
__Hbank11                bank11       000000
__Hbank12                bank12       000000
__Hbank13                bank13       000000
__Hbank14                bank14       000000
__Hbank15                bank15       000000
__Hbank16                bank16       000000
__Hbank17                bank17       000000
__Hbank18                bank18       000000
__Hbank19                bank19       000000
__Hbank20                bank20       000000
__Hbank21                bank21       000000
__Hbank22                bank22       000000
__Hbank23                bank23       000000
__Hbank24                bank24       000000
__Hbank25                bank25       000000
__Hbank26                bank26       000000
__Hbank27                bank27       000000
__Hbank28                bank28       000000
__Hbank29                bank29       000000
__Hbank30                bank30       000000
__Hbank31                bank31       000000
__Hbank32                bank32       000000
__Hbank33                bank33       000000
__Hbank34                bank34       000000
__Hbank35                bank35       000000
__Hbank36                bank36       000000
__Hbank5                 bank5        000000
__Hbank6                 bank6        000000
__Hbank7                 bank7        000000
__Hbank8                 bank8        000000
__Hbank9                 bank9        000000
__Hbigbss                bigbss       000000
__Hbigdata               bigdata      000000
__Hbigram                bigram       000000
__Hbigsfr                bigsfr       000000
__Hbss                   bss          000000
__HbssCOMRAM             bssCOMRAM    000000
__Hcinit                 cinit        000000
__Hclrtext               clrtext      000000
__Hcomram                comram       000000
__Hconfig                config       30000A
__Hconst                 const        000000
__HcstackCOMRAM          cstackCOMRAM 000000
__Hdata                  data         000000
__HdataCOMRAM            dataCOMRAM   000000
__Heeprom_data           eeprom_data  000000
__Hfarbss                farbss       000000
__Hfardata               fardata      000000
__Hheap                  heap         000000
__Hibigdata              ibigdata     000000
__Hidata                 idata        000000
__HidataCOMRAM           idataCOMRAM  000000
__Hidloc                 idloc        200040
__Hifardata              ifardata     000000
__Hinit                  init         020000
__Hintsave_regs          intsave_regs 000000
__Hirdata                irdata       000000
__Hmediumconst           mediumconst  000000
__HnvFARRAM              nvFARRAM     000000
__Hnvbit                 nvbit        000000
__Hnvrram                nvrram       000000
__Hparam                 rparam       000000
__Hpowerup               powerup      000000
__Hram                   ram          000000
__Hramtop                ramtop       002600
__Hrbit                  rbit         000000
__Hrbss                  rbss         000000
__Hrdata                 rdata        000000
__Hreset_vec             reset_vec    000004
__Hrparam                rparam       000000
__Hsfr                   sfr          000000
__Hsmallconst            smallconst   00260E
__Hspace_0               (abs)        020000
__Hspace_1               (abs)        000539
__Hspace_2               (abs)        000000
__Hspace_4               (abs)        60000A
__Hstack                 stack        000000
__Hstruct                struct       000000
__Htemp                  temp         000000
__Htext                  text         000000
__Htext0                 text0        000000
__Htext1                 text1        000000
__Htext10                text10       000000
__Htext2                 text2        000000
__Htext3                 text3        000000
__Htext4                 text4        000000
__Htext5                 text5        000000
__Htext6                 text6        000000
__Htext7                 text7        000000
__Htext8                 text8        000000
__Htext9                 text9        000000
__LRAM                   (abs)        000001
__Labs1                  abs1         000000
__Lbank10                bank10       000000
__Lbank11                bank11       000000
__Lbank12                bank12       000000
__Lbank13                bank13       000000
__Lbank14                bank14       000000
__Lbank15                bank15       000000
__Lbank16                bank16       000000
__Lbank17                bank17       000000
__Lbank18                bank18       000000
__Lbank19                bank19       000000
__Lbank20                bank20       000000
__Lbank21                bank21       000000
__Lbank22                bank22       000000
__Lbank23                bank23       000000
__Lbank24                bank24       000000
__Lbank25                bank25       000000
__Lbank26                bank26       000000
__Lbank27                bank27       000000
__Lbank28                bank28       000000
__Lbank29                bank29       000000
__Lbank30                bank30       000000
__Lbank31                bank31       000000
__Lbank32                bank32       000000
__Lbank33                bank33       000000
__Lbank34                bank34       000000
__Lbank35                bank35       000000
__Lbank36                bank36       000000
__Lbank5                 bank5        000000
__Lbank6                 bank6        000000
__Lbank7                 bank7        000000
__Lbank8                 bank8        000000
__Lbank9                 bank9        000000
__Lbigbss                bigbss       000000
__Lbigdata               bigdata      000000
__Lbigram                bigram       000000
__Lbigsfr                bigsfr       000000
__Lbss                   bss          000000
__LbssCOMRAM             bssCOMRAM    000000
__Lcinit                 cinit        000000
__Lclrtext               clrtext      000000
__Lcomram                comram       000000
__Lconfig                config       000000
__Lconst                 const        000000
__LcstackCOMRAM          cstackCOMRAM 000000
__Ldata                  data         000000
__LdataCOMRAM            dataCOMRAM   000000
__Leeprom_data           eeprom_data  000000
__Lfarbss                farbss       000000
__Lfardata               fardata      000000
__Lheap                  heap         000000
__Libigdata              ibigdata     000000
__Lidata                 idata        000000
__LidataCOMRAM           idataCOMRAM  000000
__Lidloc                 idloc        000000
__Lifardata              ifardata     000000
__Linit                  init         01FFFC
__Lintsave_regs          intsave_regs 000000
__Lirdata                irdata       000000
__Lmediumconst           mediumconst  000000
__LnvFARRAM              nvFARRAM     000000
__Lnvbit                 nvbit        000000
__Lnvrram                nvrram       000000
__Lparam                 rparam       000000
__Lpowerup               powerup      000000
__Lram                   ram          000000
__Lramtop                ramtop       002600
__Lrbit                  rbit         000000
__Lrbss                  rbss         000000
__Lrdata                 rdata        000000
__Lreset_vec             reset_vec    000000
__Lrparam                rparam       000000
__Lsfr                   sfr          000000
__Lsmallconst            smallconst   002600
__Lspace_0               (abs)        000000
__Lspace_1               (abs)        000000
__Lspace_2               (abs)        000000
__Lspace_4               (abs)        000000
__Lstack                 stack        000000
__Lstruct                struct       000000
__Ltemp                  temp         000000
__Ltext                  text         000000
__Ltext0                 text0        000000
__Ltext1                 text1        000000
__Ltext10                text10       000000
__Ltext2                 text2        000000
__Ltext3                 text3        000000
__Ltext4                 text4        000000
__Ltext5                 text5        000000
__Ltext6                 text6        000000
__Ltext7                 text7        000000
__Ltext8                 text8        000000
__Ltext9                 text9        000000
__S0                     (abs)        020000
__S1                     (abs)        000539
__S4                     (abs)        000000
__S5                     (abs)        000000
___heap_hi               (abs)        000000
___heap_lo               (abs)        000000
___inthi_sp              stack        000000
___intlo_sp              stack        000000
___param_bank            (abs)        000000
___rparam_used           (abs)        000001
___sp                    stack        000000
__accesstop              (abs)        000560
__activetblptr           (abs)        000001
__end_of_ADC             text10       00282A
__end_of_ADC_init        text9        0027FC
__end_of_DSM_init        text8        002894
__end_of_UART_init       text7        002868
__end_of_UART_write      text5        00287E
__end_of__initialization cinit        0027C0
__end_of_fputc           text3        0026AA
__end_of_fputs           text2        002700
__end_of_init            text6        00284A
__end_of_main            text0        002794
__end_of_putch           text4        0028AA
__end_of_puts            text1        00274E
__initialization         cinit        002794
__mediumconst            mediumconst  000000
__pbssCOMRAM             bssCOMRAM    000530
__pcinit                 cinit        002794
__pcstackCOMRAM          cstackCOMRAM 000501
__pdataCOMRAM            dataCOMRAM   000524
__pidataCOMRAM           idataCOMRAM  002894
__psmallconst            smallconst   002600
__ptext0                 text0        00274E
__ptext1                 text1        002700
__ptext10                text10       0027FC
__ptext2                 text2        0026AA
__ptext3                 text3        00260E
__ptext4                 text4        0028A0
__ptext5                 text5        002868
__ptext6                 text6        00282A
__ptext7                 text7        00284A
__ptext8                 text8        00287E
__ptext9                 text9        0027CE
__ramtop                 ramtop       002600
__smallconst             smallconst   002600
_data                    bssCOMRAM    000538
_flag                    bssCOMRAM    000534
_fputc                   text3        00260E
_fputs                   text2        0026AA
_init                    text6        00282A
_main                    text0        00274E
_mean                    bssCOMRAM    000530
_putch                   text4        0028A0
_puts                    text1        002700
_puts$1504               cstackCOMRAM 000517
end_of_initialization    cinit        0027C0
fputc@c                  cstackCOMRAM 000503
fputc@fp                 cstackCOMRAM 000505
fputs@c                  cstackCOMRAM 000512
fputs@fp                 cstackCOMRAM 00050E
fputs@i                  cstackCOMRAM 000513
fputs@s                  cstackCOMRAM 00050C
intlevel0                text         000000
intlevel1                text         000000
intlevel2                text         000000
intlevel3                text         000000
isa$std                  (abs)        000001
isa$xinst                (abs)        000000
main@F17193              dataCOMRAM   000524
main@msg                 cstackCOMRAM 000518
putch@txData             cstackCOMRAM 000502
puts@s                   cstackCOMRAM 000515
stackhi                  (abs)        000000
stacklo                  (abs)        000000
start                    init         01FFFC
start_initialization     cinit        002794


MODULE INFORMATION

Module		Function		Class		Link	Load	Size
C:\Program Files\Microchip\xc8\v2.40\pic\sources\c99\common\nf_fputc.c
		_fputc         		CODE           	260E	0000	156

C:\Program Files\Microchip\xc8\v2.40\pic\sources\c99\common\nf_fputc.c estimated size: 156

./init.h
		_init          		CODE           	282A	0000	32

./init.h estimated size: 32

C:\Program Files\Microchip\xc8\v2.40\pic\sources\c99\common\puts.c
		_puts          		CODE           	2700	0000	78

C:\Program Files\Microchip\xc8\v2.40\pic\sources\c99\common\puts.c estimated size: 78

newmain.c
		_ADC           		CODE           	27FC	0000	46
		_main          		CODE           	274E	0000	70
		_ADC_init      		CODE           	27CE	0000	46

newmain.c estimated size: 162

./uart.h
		_putch         		CODE           	28A0	0000	10
		_UART_init     		CODE           	284A	0000	30
		_UART_write    		CODE           	2868	0000	22

./uart.h estimated size: 62

C:\Program Files\Microchip\xc8\v2.40\pic\sources\c99\common\nf_fputs.c
		_fputs         		CODE           	26AA	0000	86

C:\Program Files\Microchip\xc8\v2.40\pic\sources\c99\common\nf_fputs.c estimated size: 86

shared
		__initialization		CODE           	2794	0000	44

shared estimated size: 44

./dsm.h
		_DSM_init      		CODE           	287E	0000	22

./dsm.h estimated size: 22

